// Jest Snapshot v1, https://goo.gl/fbAQLP

exports[`UuUni2l.Bricks.AddFive default props 1`] = `
<div
  className="uuunil-bricks-0"
>
  0
  +
  5
  =
  5
</div>
`;
